   1               		.file	"set_zone.c"
   2               	__SP_H__ = 0x3e
   3               	__SP_L__ = 0x3d
   4               	__SREG__ = 0x3f
   5               	__tmp_reg__ = 0
   6               	__zero_reg__ = 1
   9               		.text
  10               	.Ltext0:
  61               	.global	set_zone
  63               	set_zone:
  64               		.stabd	46,0,0
   1:../freeRTOS750/lib_time/set_zone.c **** /*
   2:../freeRTOS750/lib_time/set_zone.c ****  * (C)2012 Michael Duane Rice All rights reserved.
   3:../freeRTOS750/lib_time/set_zone.c ****  *
   4:../freeRTOS750/lib_time/set_zone.c ****  * Redistribution and use in source and binary forms, with or without
   5:../freeRTOS750/lib_time/set_zone.c ****  * modification, are permitted provided that the following conditions are
   6:../freeRTOS750/lib_time/set_zone.c ****  * met:
   7:../freeRTOS750/lib_time/set_zone.c ****  *
   8:../freeRTOS750/lib_time/set_zone.c ****  * Redistributions of source code must retain the above copyright notice, this
   9:../freeRTOS750/lib_time/set_zone.c ****  * list of conditions and the following disclaimer. Redistributions in binary
  10:../freeRTOS750/lib_time/set_zone.c ****  * form must reproduce the above copyright notice, this list of conditions
  11:../freeRTOS750/lib_time/set_zone.c ****  * and the following disclaimer in the documentation and/or other materials
  12:../freeRTOS750/lib_time/set_zone.c ****  * provided with the distribution. Neither the name of the copyright holders
  13:../freeRTOS750/lib_time/set_zone.c ****  * nor the names of contributors may be used to endorse or promote products
  14:../freeRTOS750/lib_time/set_zone.c ****  * derived from this software without specific prior written permission.
  15:../freeRTOS750/lib_time/set_zone.c ****  *
  16:../freeRTOS750/lib_time/set_zone.c ****  * THIS SOFTWARE IS PROVIDED BY THE COPYRIGHT HOLDERS AND CONTRIBUTORS "AS IS"
  17:../freeRTOS750/lib_time/set_zone.c ****  * AND ANY EXPRESS OR IMPLIED WARRANTIES, INCLUDING, BUT NOT LIMITED TO, THE
  18:../freeRTOS750/lib_time/set_zone.c ****  * IMPLIED WARRANTIES OF MERCHANTABILITY AND FITNESS FOR A PARTICULAR PURPOSE
  19:../freeRTOS750/lib_time/set_zone.c ****  * ARE DISCLAIMED. IN NO EVENT SHALL THE COPYRIGHT OWNER OR CONTRIBUTORS BE
  20:../freeRTOS750/lib_time/set_zone.c ****  * LIABLE FOR ANY DIRECT, INDIRECT, INCIDENTAL, SPECIAL, EXEMPLARY, OR
  21:../freeRTOS750/lib_time/set_zone.c ****  * CONSEQUENTIAL DAMAGES (INCLUDING, BUT NOT LIMITED TO, PROCUREMENT OF
  22:../freeRTOS750/lib_time/set_zone.c ****  * SUBSTITUTE GOODS OR SERVICES; LOSS OF USE, DATA, OR PROFITS; OR BUSINESS
  23:../freeRTOS750/lib_time/set_zone.c ****  * INTERRUPTION) HOWEVER CAUSED AND ON ANY THEORY OF LIABILITY, WHETHER IN
  24:../freeRTOS750/lib_time/set_zone.c ****  * CONTRACT, STRICT LIABILITY, OR TORT (INCLUDING NEGLIGENCE OR OTHERWISE)
  25:../freeRTOS750/lib_time/set_zone.c ****  * ARISING IN ANY WAY OUT OF THE USE OF THIS SOFTWARE, EVEN IF ADVISED OF THE
  26:../freeRTOS750/lib_time/set_zone.c ****  * POSSIBILITY OF SUCH DAMAGE.
  27:../freeRTOS750/lib_time/set_zone.c ****  */
  28:../freeRTOS750/lib_time/set_zone.c **** 
  29:../freeRTOS750/lib_time/set_zone.c **** /* $Id$ */
  30:../freeRTOS750/lib_time/set_zone.c **** 
  31:../freeRTOS750/lib_time/set_zone.c **** /*
  32:../freeRTOS750/lib_time/set_zone.c **** 	Set the system time zone. The parameter is seconds offset from UTC.
  33:../freeRTOS750/lib_time/set_zone.c **** */
  34:../freeRTOS750/lib_time/set_zone.c **** 
  35:../freeRTOS750/lib_time/set_zone.c **** #include <stdint.h>
  36:../freeRTOS750/lib_time/set_zone.c **** 
  37:../freeRTOS750/lib_time/set_zone.c **** extern int32_t     __utc_offset;
  38:../freeRTOS750/lib_time/set_zone.c **** 
  39:../freeRTOS750/lib_time/set_zone.c **** void
  40:../freeRTOS750/lib_time/set_zone.c **** set_zone(int32_t z)
  41:../freeRTOS750/lib_time/set_zone.c **** {
  66               	.LM0:
  67               	.LFBB1:
  68               	/* prologue: function */
  69               	/* frame size = 0 */
  70               	/* stack size = 0 */
  71               	.L__stack_usage = 0
  42:../freeRTOS750/lib_time/set_zone.c **** 	__utc_offset = z;
  73               	.LM1:
  74 0000 6093 0000 		sts __utc_offset,r22
  75 0004 7093 0000 		sts __utc_offset+1,r23
  76 0008 8093 0000 		sts __utc_offset+2,r24
  77 000c 9093 0000 		sts __utc_offset+3,r25
  78 0010 0895      		ret
  80               	.Lscope1:
  82               		.stabd	78,0,0
  84               	.Letext0:
  85               		.ident	"GCC: (GNU) 4.7.2"
DEFINED SYMBOLS
                            *ABS*:00000000 set_zone.c
     /tmp/ccUzhKV0.s:2      *ABS*:0000003e __SP_H__
     /tmp/ccUzhKV0.s:3      *ABS*:0000003d __SP_L__
     /tmp/ccUzhKV0.s:4      *ABS*:0000003f __SREG__
     /tmp/ccUzhKV0.s:5      *ABS*:00000000 __tmp_reg__
     /tmp/ccUzhKV0.s:6      *ABS*:00000001 __zero_reg__
     /tmp/ccUzhKV0.s:63     .text:00000000 set_zone

UNDEFINED SYMBOLS
__utc_offset
